// Jest Snapshot v1, https://goo.gl/fbAQLP

exports[`<Branches /> snapshot 1`] = `
<div
  className="InnerContainer-sc-1toru5t-0 eVVvlf"
>
  <div
    className="Panel-sc-1hnzj4y-0 ccxQvz"
  >
    <div
      className="Panel__Header-sc-1hnzj4y-1 chmgYi"
    >
      Default branch
    </div>
    <div
      className="Panel__Body-sc-1hnzj4y-2 dwhEKI"
    >
      <ul
        className="Branches__branches___39ZZS"
      >
        <li>
          <a
            href="/$OWNER/$REPO/tree/"
          >
            
          </a>
            Updated
           
          <time-ago
            datetime=""
          />
           by 
          <a
            href="/"
          >
            
          </a>
        </li>
      </ul>
    </div>
  </div>
  <div
    className="Panel-sc-1hnzj4y-0 ccxQvz"
  >
    <div
      className="Panel__Header-sc-1hnzj4y-1 chmgYi"
    >
      Active branches
    </div>
    <div
      className="Panel__Body-sc-1hnzj4y-2 dwhEKI"
    >
      <ul
        className="Branches__branches___39ZZS"
      >
        <li>
          <a
            href="/$OWNER/$REPO/tree/$BRANCH"
          >
            $BRANCH
          </a>
            Updated 
          <time-ago
            datetime="$DATE"
          />
           
          by 
          <a
            href="/$AUTHOR"
          >
            $AUTHOR
          </a>
        </li>
      </ul>
    </div>
  </div>
</div>
`;
