// Jest Snapshot v1, https://goo.gl/fbAQLP

exports[`<Footer /> snapshot 1`] = `
<div
  className="Footer__Container-yz7m8k-0 itNppg"
>
  <ul
    className="Footer__NavLinks-yz7m8k-1 hrZQRx"
  >
    <li>
      Â© 2016 keik
    </li>
    <li>
      <a
        href="#"
      >
        Help
      </a>
    </li>
  </ul>
  <a
    className="Logo-k763vu-0 eMaEfw"
    href="#"
  >
    GH
  </a>
  <ul
    className="Footer__NavLinks-yz7m8k-1 hrZQRx"
  >
    <li>
      <a
        href="#"
      >
        API
      </a>
    </li>
    <li>
      <a
        href="#"
      >
        About
      </a>
    </li>
  </ul>
</div>
`;
